AR main behavioral D:/Study/THU/2016Autumn/CPU/THINPAD2/Main.vhd sub00/vhpl01 1479376318
EN cpu NULL D:/Study/THU/2016Autumn/CPU/THINPAD2/CPU.vhd sub00/vhpl02 1479376315
AR cpu behavioral D:/Study/THU/2016Autumn/CPU/THINPAD2/CPU.vhd sub00/vhpl03 1479376316
EN main NULL D:/Study/THU/2016Autumn/CPU/THINPAD2/Main.vhd sub00/vhpl00 1479376317
